<!DOCTYPE html>

<html lang="en">
<head>
<!-- Basic Page Needs
  –––––––––––––––––––––––––––––––––––––––––––––––––– -->
<meta charset="utf-8"/>
<title>panel.golden Package — Panel 0.10.3 documentation</title>
<meta content="High-level dashboarding for python visualization libraries" name="description"/>
<meta content="Panel contributors" name="author"/>
<!-- Mobile Specific Metas
  –––––––––––––––––––––––––––––––––––––––––––––––––– -->
<meta content="width=device-width, initial-scale=1" name="viewport"/>
<!-- FONT
  –––––––––––––––––––––––––––––––––––––––––––––––––– -->
<script src="https://ajax.googleapis.com/ajax/libs/webfont/1.6.16/webfont.js"></script>
<script>
    WebFont.load({
      google: {
        families: ['Source Sans Pro']
      }
    });
  </script>
<!-- CSS
  –––––––––––––––––––––––––––––––––––––––––––––––––– -->
<link href="../_static/css/main.css" rel="stylesheet"/>
<link href="../_static/nbsite.css" rel="stylesheet"/>
<link href="../_static/site.css" rel="stylesheet"/>
<!-- Scripts
  –––––––––––––––––––––––––––––––––––––––––––––––––– -->
<script src="//ajax.googleapis.com/ajax/libs/jquery/2.1.1/jquery.min.js"></script>
<script async="" src="https://cdnjs.cloudflare.com/ajax/libs/mathjax/2.7.1/MathJax.js?config=TeX-MML-AM_CHTML" type="text/javascript">
</script>
<script src="../_static/js/main.js"></script>
<!-- Favicon
  –––––––––––––––––––––––––––––––––––––––––––––––––– -->
<link href="../_static/favicon.ico" rel="icon" type="image/png"/>
<!-- Canonical
  –––––––––––––––––––––––––––––––––––––––––––––––––– -->
<link href="https://panel.holoviz.org/api/panel.template.golden.html" rel="canonical">
</link></head>
<body class="">
<header class="navigation">
<div class="wrapper">
<a class="logo" href="../index.html">
<img alt="Logo" src="../_static/logo_horizontal.png"/>
</a>
<a class="navigation-menu-button" href="javascript:void(0)" id="js-mobile-menu">Menu</a>
<nav>
<ul class="navigation-menu show" id="js-navigation-menu">
<li class="nav-link doc-head"><a href="//discourse.holoviz.org">Discourse</a></li>
<li class="nav-link doc-head"><a href="//twitter.com/Panel_org">Twitter</a></li>
<li class="nav-link doc-head"><a href="//github.com/pyviz/panel">Github</a></li>
<li class="nav-link">
<div style="display:inline-block;vertical-align: middle;">
<div class="search-bar">
<form action="../search.html" method="get" role="search">
<input name="q" placeholder="Search" type="search"/>
<button type="submit">
<img alt="Search Icon" src="https://raw.githubusercontent.com/thoughtbot/refills/master/source/images/search-icon-black.png"/>
</button>
</form>
</div>
</div>
</li>
</ul>
</nav>
</div>
</header>
<div class="second-nav">
<nav>
<ul class="navigation-menu show">
<li class="nav-link doc-head"><a href="../getting_started/index.html">Getting started</a></li>
<li class="nav-link doc-head"><a href="../user_guide/index.html">User Guide</a></li>
<li class="nav-link doc-head"><a href="../gallery/index.html">Gallery</a></li>
<li class="nav-link doc-head"><a href="../reference/index.html">Reference Gallery</a></li>
<li class="nav-link doc-head"><a href="../developer_guide/index.html">Developer Guide</a></li>
<li class="nav-link doc-head"><a href="../releases.html">Releases</a></li>
<li class="nav-link doc-head"><a href="index.html">API</a></li>
<li class="nav-link doc-head"><a href="../FAQ.html">FAQ</a></li>
<li class="nav-link doc-head"><a href="../about.html">About</a></li>
</ul>
</nav>
</div>
<!-- MAIN BODY OF DOCS –––––––––––––––––– -->
<div class="docs section">
<div id="hacketyhackhack"> <!-- style="width:20%;margin-right: 100px;"> --> <!--style="display: none;"> style="display:none;"> -->
<div class="toc" style="width:15%; margin-right:20px;">
<ul>
<li class="toctree-l1"><a class="reference internal" href="../index.html">Home</a></li>
<li class="toctree-l1"><a class="reference internal" href="../getting_started/index.html">Getting Started</a></li>
<li class="toctree-l1"><a class="reference internal" href="../user_guide/index.html">User Guide</a></li>
<li class="toctree-l1"><a class="reference internal" href="../gallery/index.html">Gallery</a></li>
<li class="toctree-l1"><a class="reference internal" href="../reference/index.html">Reference Gallery</a></li>
<li class="toctree-l1"><a class="reference internal" href="../developer_guide/index.html">Developer Guide</a></li>
<li class="toctree-l1"><a class="reference internal" href="index.html">API</a></li>
<li class="toctree-l1"><a class="reference internal" href="../Comparisons.html">Comparisons</a></li>
<li class="toctree-l1"><a class="reference internal" href="../releases.html">Releases</a></li>
<li class="toctree-l1"><a class="reference internal" href="../Roadmap.html">Road Map</a></li>
<li class="toctree-l1"><a class="reference internal" href="../FAQ.html">FAQ</a></li>
<li class="toctree-l1"><a class="reference external" href="https://github.com/pyviz/panel">Github source</a></li>
<li class="toctree-l1"><a class="reference internal" href="../about.html">About</a></li>
</ul>
</div>
</div>
<div class="content"> <!-- style="max-width:80%;margin-left:auto;margin-right: auto;">-->
<div class="section" id="panel-golden-package">
<h1>panel.golden Package<a class="headerlink" href="#panel-golden-package" title="Permalink to this headline">¶</a></h1>
<hr class="docutils"/>
<div class="section" id="golden-package">
<h2><code class="xref py py-mod docutils literal notranslate"><span class="pre">golden</span></code> Package<a class="headerlink" href="#golden-package" title="Permalink to this headline">¶</a></h2>
<div class="graphviz"><img alt="Inheritance diagram of panel.template.golden" class="inheritance graphviz" src="../_images/inheritance-e45479686a4870a6ea80efb8d7dab0d0fa417769.png" usemap="#inheritancee8c1002713"/></div>
<map id="inheritancee8c1002713" name="inheritancee8c1002713">
<area alt="" coords="291,5,525,28" href="panel.template.html#panel.template.base.BaseTemplate" id="node1" shape="rect" target="_top" title="panel.template.base.BaseTemplate"/>
<area alt="" coords="574,5,809,28" href="panel.template.html#panel.template.base.BasicTemplate" id="node4" shape="rect" target="_top" title="BasicTemplate provides a baseclass for templates with a basic"/>
<area alt="" coords="308,51,508,74" href="panel.template.html#panel.template.theme.Theme" id="node10" shape="rect" target="_top" title="A Theme customizes the look and feel of a Template by providing"/>
<area alt="" coords="25,5,227,28" href="panel.viewable.html#panel.viewable.ServableMixin" id="node3" shape="rect" target="_top" title="Mixin to define methods shared by objects which can served."/>
<area alt="" coords="874,5,1132,28" href="#panel.template.golden.GoldenTemplate" id="node9" shape="rect" target="_top" title="GoldenTemplate is built on top of golden-layout library."/>
<area alt="" coords="866,51,1139,74" href="#panel.template.golden.GoldenDarkTheme" id="node5" shape="rect" target="_top" title="panel.template.golden.GoldenDarkTheme"/>
<area alt="" coords="577,51,806,74" href="panel.template.html#panel.template.theme.DarkTheme" id="node6" shape="rect" target="_top" title="The DefaultTheme uses the standard Panel color palette."/>
<area alt="" coords="858,96,1147,120" href="#panel.template.golden.GoldenDefaultTheme" id="node7" shape="rect" target="_top" title="panel.template.golden.GoldenDefaultTheme"/>
<area alt="" coords="569,96,814,120" href="panel.template.html#panel.template.theme.DefaultTheme" id="node8" shape="rect" target="_top" title="The DefaultTheme uses the standard Panel color palette."/>
</map><span class="target" id="module-panel.template.golden"></span><p>GoldenTemplate based on the golden-layout library.</p>
<dl class="py class">
<dt id="panel.template.golden.GoldenDarkTheme">
<em class="property">class </em><code class="sig-prename descclassname">panel.template.golden.</code><code class="sig-name descname">GoldenDarkTheme</code><span class="sig-paren">(</span><em class="sig-param"><span class="o">*</span></em>, <em class="sig-param"><span class="n">fig</span></em>, <em class="sig-param"><span class="n">holomap</span></em>, <em class="sig-param"><span class="n">widgets</span></em>, <em class="sig-param"><span class="n">fps</span></em>, <em class="sig-param"><span class="n">max_frames</span></em>, <em class="sig-param"><span class="n">size</span></em>, <em class="sig-param"><span class="n">dpi</span></em>, <em class="sig-param"><span class="n">filename</span></em>, <em class="sig-param"><span class="n">info</span></em>, <em class="sig-param"><span class="n">css</span></em>, <em class="sig-param"><span class="n">widget_location</span></em><span class="sig-paren">)</span><a class="reference internal" href="../_modules/panel/template/golden.html#GoldenDarkTheme"><span class="viewcode-link">[source]</span></a><a class="headerlink" href="#panel.template.golden.GoldenDarkTheme" title="Permalink to this definition">¶</a></dt>
<dd><p>Bases: <a class="reference internal" href="panel.template.html#panel.template.theme.DarkTheme" title="panel.template.theme.DarkTheme"><code class="xref py py-class docutils literal notranslate"><span class="pre">panel.template.theme.DarkTheme</span></code></a></p>
<p>Parameters inherited from:</p>
<blockquote>
<div><p><a class="reference internal" href="panel.template.html#panel.template.theme.DarkTheme" title="panel.template.theme.DarkTheme"><code class="xref py py-class docutils literal notranslate"><span class="pre">panel.template.theme.DarkTheme</span></code></a>: bokeh_theme</p>
</div></blockquote>
<p><code class="docutils literal notranslate"><span class="pre">css</span></code> = param.Filename(default=PosixPath(‘/home/runner/work/panel/panel/panel/template/golden/dark.css’), search_paths=[])</p>
</dd></dl>
<dl class="py class">
<dt id="panel.template.golden.GoldenDefaultTheme">
<em class="property">class </em><code class="sig-prename descclassname">panel.template.golden.</code><code class="sig-name descname">GoldenDefaultTheme</code><span class="sig-paren">(</span><em class="sig-param"><span class="o">*</span></em>, <em class="sig-param"><span class="n">fig</span></em>, <em class="sig-param"><span class="n">holomap</span></em>, <em class="sig-param"><span class="n">widgets</span></em>, <em class="sig-param"><span class="n">fps</span></em>, <em class="sig-param"><span class="n">max_frames</span></em>, <em class="sig-param"><span class="n">size</span></em>, <em class="sig-param"><span class="n">dpi</span></em>, <em class="sig-param"><span class="n">filename</span></em>, <em class="sig-param"><span class="n">info</span></em>, <em class="sig-param"><span class="n">css</span></em>, <em class="sig-param"><span class="n">widget_location</span></em><span class="sig-paren">)</span><a class="reference internal" href="../_modules/panel/template/golden.html#GoldenDefaultTheme"><span class="viewcode-link">[source]</span></a><a class="headerlink" href="#panel.template.golden.GoldenDefaultTheme" title="Permalink to this definition">¶</a></dt>
<dd><p>Bases: <a class="reference internal" href="panel.template.html#panel.template.theme.DefaultTheme" title="panel.template.theme.DefaultTheme"><code class="xref py py-class docutils literal notranslate"><span class="pre">panel.template.theme.DefaultTheme</span></code></a></p>
<p>Parameters inherited from:</p>
<blockquote>
<div><p><a class="reference internal" href="panel.template.html#panel.template.theme.Theme" title="panel.template.theme.Theme"><code class="xref py py-class docutils literal notranslate"><span class="pre">panel.template.theme.Theme</span></code></a>: bokeh_theme</p>
</div></blockquote>
<p><code class="docutils literal notranslate"><span class="pre">css</span></code> = param.Filename(default=PosixPath(‘/home/runner/work/panel/panel/panel/template/golden/default.css’), search_paths=[])</p>
</dd></dl>
<dl class="py class">
<dt id="panel.template.golden.GoldenTemplate">
<em class="property">class </em><code class="sig-prename descclassname">panel.template.golden.</code><code class="sig-name descname">GoldenTemplate</code><span class="sig-paren">(</span><em class="sig-param"><span class="o">**</span><span class="n">params</span></em><span class="sig-paren">)</span><a class="reference internal" href="../_modules/panel/template/golden.html#GoldenTemplate"><span class="viewcode-link">[source]</span></a><a class="headerlink" href="#panel.template.golden.GoldenTemplate" title="Permalink to this definition">¶</a></dt>
<dd><p>Bases: <a class="reference internal" href="panel.template.html#panel.template.base.BasicTemplate" title="panel.template.base.BasicTemplate"><code class="xref py py-class docutils literal notranslate"><span class="pre">panel.template.base.BasicTemplate</span></code></a></p>
<p>GoldenTemplate is built on top of golden-layout library.</p>
<p>Parameters inherited from:</p>
<blockquote>
<div><p><a class="reference internal" href="panel.template.html#panel.template.base.BasicTemplate" title="panel.template.base.BasicTemplate"><code class="xref py py-class docutils literal notranslate"><span class="pre">panel.template.base.BasicTemplate</span></code></a>: location, busy_indicator, header, main, main_max_width, sidebar, modal, logo, favicon, title, site, meta_description, meta_keywords, meta_author, meta_refresh, meta_viewport, base_url, base_target, header_background, header_color, theme</p>
</div></blockquote>
<dl class="py method">
<dt id="panel.template.golden.GoldenTemplate.close_modal">
<code class="sig-name descname">close_modal</code><span class="sig-paren">(</span><span class="sig-paren">)</span><a class="headerlink" href="#panel.template.golden.GoldenTemplate.close_modal" title="Permalink to this definition">¶</a></dt>
<dd><p>Closes the modal area</p>
</dd></dl>
<dl class="py method">
<dt id="panel.template.golden.GoldenTemplate.open_modal">
<code class="sig-name descname">open_modal</code><span class="sig-paren">(</span><span class="sig-paren">)</span><a class="headerlink" href="#panel.template.golden.GoldenTemplate.open_modal" title="Permalink to this definition">¶</a></dt>
<dd><p>Opens the modal area</p>
</dd></dl>
<dl class="py method">
<dt id="panel.template.golden.GoldenTemplate.save">
<code class="sig-name descname">save</code><span class="sig-paren">(</span><em class="sig-param"><span class="n">filename</span></em>, <em class="sig-param"><span class="n">title</span><span class="o">=</span><span class="default_value">None</span></em>, <em class="sig-param"><span class="n">resources</span><span class="o">=</span><span class="default_value">None</span></em>, <em class="sig-param"><span class="n">embed</span><span class="o">=</span><span class="default_value">False</span></em>, <em class="sig-param"><span class="n">max_states</span><span class="o">=</span><span class="default_value">1000</span></em>, <em class="sig-param"><span class="n">max_opts</span><span class="o">=</span><span class="default_value">3</span></em>, <em class="sig-param"><span class="n">embed_json</span><span class="o">=</span><span class="default_value">False</span></em>, <em class="sig-param"><span class="n">json_prefix</span><span class="o">=</span><span class="default_value">''</span></em>, <em class="sig-param"><span class="n">save_path</span><span class="o">=</span><span class="default_value">'./'</span></em>, <em class="sig-param"><span class="n">load_path</span><span class="o">=</span><span class="default_value">None</span></em><span class="sig-paren">)</span><a class="headerlink" href="#panel.template.golden.GoldenTemplate.save" title="Permalink to this definition">¶</a></dt>
<dd><p>Saves Panel objects to file.</p>
<dl class="field-list simple">
<dt class="field-odd">Parameters</dt>
<dd class="field-odd"><ul class="simple">
<li><p><strong>filename</strong> (<em>string</em><em> or </em><em>file-like object</em>) – Filename to save the plot to</p></li>
<li><p><strong>title</strong> (<em>string</em>) – Optional title for the plot</p></li>
<li><p><strong>resources</strong> (<em>bokeh resources</em>) – One of the valid bokeh.resources (e.g. CDN or INLINE)</p></li>
<li><p><strong>embed</strong> (<em>bool</em>) – Whether the state space should be embedded in the saved file.</p></li>
<li><p><strong>max_states</strong> (<em>int</em>) – The maximum number of states to embed</p></li>
<li><p><strong>max_opts</strong> (<em>int</em>) – The maximum number of states for a single widget</p></li>
<li><p><strong>embed_json</strong> (<em>boolean</em><em> (</em><em>default=True</em><em>)</em>) – Whether to export the data to json files</p></li>
<li><p><strong>json_prefix</strong> (<em>str</em><em> (</em><em>default=''</em><em>)</em>) – Prefix for the auto-generated json directory</p></li>
<li><p><strong>save_path</strong> (<em>str</em><em> (</em><em>default='./'</em><em>)</em>) – The path to save json files to</p></li>
<li><p><strong>load_path</strong> (<em>str</em><em> (</em><em>default=None</em><em>)</em>) – The path or URL the json files will be loaded from.</p></li>
</ul>
</dd>
</dl>
</dd></dl>
<dl class="py method">
<dt id="panel.template.golden.GoldenTemplate.select">
<code class="sig-name descname">select</code><span class="sig-paren">(</span><em class="sig-param"><span class="n">selector</span><span class="o">=</span><span class="default_value">None</span></em><span class="sig-paren">)</span><a class="headerlink" href="#panel.template.golden.GoldenTemplate.select" title="Permalink to this definition">¶</a></dt>
<dd><p>Iterates over the Template and any potential children in the
applying the Selector.</p>
<dl class="field-list simple">
<dt class="field-odd">Parameters</dt>
<dd class="field-odd"><p><strong>selector</strong> (<em>type</em><em> or </em><em>callable</em><em> or </em><em>None</em>) – The selector allows selecting a subset of Viewables by
declaring a type or callable function to filter by.</p>
</dd>
<dt class="field-even">Returns</dt>
<dd class="field-even"><p><strong>viewables</strong></p>
</dd>
<dt class="field-odd">Return type</dt>
<dd class="field-odd"><p>list(<a class="reference internal" href="panel.viewable.html#panel.viewable.Viewable" title="panel.viewable.Viewable">Viewable</a>)</p>
</dd>
</dl>
</dd></dl>
<dl class="py method">
<dt id="panel.template.golden.GoldenTemplate.servable">
<code class="sig-name descname">servable</code><span class="sig-paren">(</span><em class="sig-param"><span class="n">title</span><span class="o">=</span><span class="default_value">None</span></em>, <em class="sig-param"><span class="n">location</span><span class="o">=</span><span class="default_value">True</span></em><span class="sig-paren">)</span><a class="headerlink" href="#panel.template.golden.GoldenTemplate.servable" title="Permalink to this definition">¶</a></dt>
<dd><p>Serves the object if in a <cite>panel serve</cite> context and returns
the Panel object to allow it to display itself in a notebook
context.
:param title: A string title to give the Document (if served as an app)
:type title: str
:param location: Whether to create a Location component to observe and</p>
<blockquote>
<div><p>set the URL location.</p>
</div></blockquote>
<dl class="field-list simple">
<dt class="field-odd">Returns</dt>
<dd class="field-odd"><p></p>
</dd>
<dt class="field-even">Return type</dt>
<dd class="field-even"><p>The Panel object itself</p>
</dd>
</dl>
</dd></dl>
<dl class="py method">
<dt id="panel.template.golden.GoldenTemplate.server_doc">
<code class="sig-name descname">server_doc</code><span class="sig-paren">(</span><em class="sig-param"><span class="n">doc</span><span class="o">=</span><span class="default_value">None</span></em>, <em class="sig-param"><span class="n">title</span><span class="o">=</span><span class="default_value">None</span></em>, <em class="sig-param"><span class="n">location</span><span class="o">=</span><span class="default_value">True</span></em><span class="sig-paren">)</span><a class="headerlink" href="#panel.template.golden.GoldenTemplate.server_doc" title="Permalink to this definition">¶</a></dt>
<dd><p>Returns a servable bokeh Document with the panel attached</p>
<dl class="field-list simple">
<dt class="field-odd">Parameters</dt>
<dd class="field-odd"><ul class="simple">
<li><p><strong>doc</strong> (<em>bokeh.Document</em><em> (</em><em>optional</em><em>)</em>) – The Bokeh Document to attach the panel to as a root,
defaults to bokeh.io.curdoc()</p></li>
<li><p><strong>title</strong> (<em>str</em>) – A string title to give the Document</p></li>
<li><p><strong>location</strong> (<em>boolean</em><em> or </em><a class="reference internal" href="panel.io.html#panel.io.location.Location" title="panel.io.location.Location"><em>panel.io.location.Location</em></a>) – Whether to create a Location component to observe and
set the URL location.</p></li>
</ul>
</dd>
<dt class="field-even">Returns</dt>
<dd class="field-even"><p><strong>doc</strong> – The Bokeh document the panel was attached to</p>
</dd>
<dt class="field-odd">Return type</dt>
<dd class="field-odd"><p>bokeh.Document</p>
</dd>
</dl>
</dd></dl>
<dl class="py method">
<dt id="panel.template.golden.GoldenTemplate.show">
<code class="sig-name descname">show</code><span class="sig-paren">(</span><em class="sig-param"><span class="n">title</span><span class="o">=</span><span class="default_value">None</span></em>, <em class="sig-param"><span class="n">port</span><span class="o">=</span><span class="default_value">0</span></em>, <em class="sig-param"><span class="n">address</span><span class="o">=</span><span class="default_value">None</span></em>, <em class="sig-param"><span class="n">websocket_origin</span><span class="o">=</span><span class="default_value">None</span></em>, <em class="sig-param"><span class="n">threaded</span><span class="o">=</span><span class="default_value">False</span></em>, <em class="sig-param"><span class="n">verbose</span><span class="o">=</span><span class="default_value">True</span></em>, <em class="sig-param"><span class="n">open</span><span class="o">=</span><span class="default_value">True</span></em>, <em class="sig-param"><span class="n">location</span><span class="o">=</span><span class="default_value">True</span></em>, <em class="sig-param"><span class="o">**</span><span class="n">kwargs</span></em><span class="sig-paren">)</span><a class="headerlink" href="#panel.template.golden.GoldenTemplate.show" title="Permalink to this definition">¶</a></dt>
<dd><p>Starts a Bokeh server and displays the Viewable in a new tab.</p>
<dl class="field-list simple">
<dt class="field-odd">Parameters</dt>
<dd class="field-odd"><ul class="simple">
<li><p><strong>title</strong> (<em>str</em>) – A string title to give the Document (if served as an app)</p></li>
<li><p><strong>port</strong> (<em>int</em><em> (</em><em>optional</em><em>, </em><em>default=0</em><em>)</em>) – Allows specifying a specific port</p></li>
<li><p><strong>address</strong> (<em>str</em>) – The address the server should listen on for HTTP requests.</p></li>
<li><p><strong>websocket_origin</strong> (<em>str</em><em> or </em><em>list</em><em>(</em><em>str</em><em>) </em><em>(</em><em>optional</em><em>)</em>) – A list of hosts that can connect to the websocket.
This is typically required when embedding a server app in
an external web site.
If None, “localhost” is used.</p></li>
<li><p><strong>threaded</strong> (<em>boolean</em><em> (</em><em>optional</em><em>, </em><em>default=False</em><em>)</em>) – Whether to launch the Server on a separate thread, allowing
interactive use.</p></li>
<li><p><strong>verbose</strong> (<em>boolean</em><em> (</em><em>optional</em><em>, </em><em>default=True</em><em>)</em>) – Whether to print the address and port</p></li>
<li><p><strong>open</strong> (<em>boolean</em><em> (</em><em>optional</em><em>, </em><em>default=True</em><em>)</em>) – Whether to open the server in a new browser tab</p></li>
<li><p><strong>location</strong> (<em>boolean</em><em> or </em><a class="reference internal" href="panel.io.html#panel.io.location.Location" title="panel.io.location.Location"><em>panel.io.location.Location</em></a>) – Whether to create a Location component to observe and
set the URL location.</p></li>
</ul>
</dd>
<dt class="field-even">Returns</dt>
<dd class="field-even"><p><strong>server</strong> – Returns the Bokeh server instance or the thread the server
was launched on (if threaded=True)</p>
</dd>
<dt class="field-odd">Return type</dt>
<dd class="field-odd"><p>bokeh.server.Server or threading.Thread</p>
</dd>
</dl>
</dd></dl>
<dl class="py attribute">
<dt id="panel.template.golden.GoldenTemplate.theme">
<code class="sig-name descname">theme</code><a class="headerlink" href="#panel.template.golden.GoldenTemplate.theme" title="Permalink to this definition">¶</a></dt>
<dd><p>alias of <a class="reference internal" href="panel.template.html#panel.template.theme.DefaultTheme" title="panel.template.theme.DefaultTheme"><code class="xref py py-class docutils literal notranslate"><span class="pre">panel.template.theme.DefaultTheme</span></code></a></p>
</dd></dl>
</dd></dl>
<hr class="docutils"/>
</div>
</div>
</div>
</div>
<!-- END MAIN BODY OF DOCS ––––––––––––– -->
<!-- Google Analytics -->
<!-- Global site tag (gtag.js) - Google Analytics -->
<script async="" src="https://www.googletagmanager.com/gtag/js?id=UA-154795830-2"></script>
<script>
  window.dataLayer = window.dataLayer || [];
  function gtag(){dataLayer.push(arguments);}
  gtag('js', new Date());

  gtag('config', 'UA-154795830-2', { 'anonymize_ip': true });
</script>
<!-- MathJax Config -->
<script type="text/x-mathjax-config">
MathJax.Hub.Config({
  tex2jax: {inlineMath: [['$','$'], ['\\(','\\)']]}
});
</script>
<!-- End Document
  –––––––––––––––––––––––––––––––––––––––––––––––––– -->
</body>
</html>